// Jest Snapshot v1, https://goo.gl/fbAQLP

exports[`<Layout /> renders correctly 1`] = `
<div>
  <div
    class="w-full min-h-screen"
  >
    <div
      class="flex w-full items-center justify-center py-large"
    >
      <h1
        class="text-4xl font-bold"
      >
        Chatter
      </h1>
    </div>
    <hr
      class="border-cg5"
    />
    <div
      class="flex items-center justify-center max-w-[700px] mx-auto px-medium mt-x2-large"
    >
      <p>
        Content
      </p>
    </div>
  </div>
</div>
`;
